Before
IO
Survived unused retry
Caught: thread blocked indefinitely in an STM transaction
Caught: thread blocked indefinitely in an STM transaction
