Unmasked
MaskedInterruptible
Unmasked
MaskedInterruptible
MaskedInterruptible
MaskedInterruptible
MaskedUninterruptible
MaskedUninterruptible
MaskedUninterruptible
Unmasked
MaskedInterruptible
Left thread killed
Unmasked
MaskedInterruptible
MaskedInterruptible
Left thread killed
MaskedInterruptible
